[debug] [2026-02-09T17:59:24.355Z] ----------------------------------------------------------------------
[debug] [2026-02-09T17:59:24.364Z] Command:       /usr/local/bin/node /Users/tommy/.nvm/versions/node/v20.20.0/bin/firebase deploy --only hosting --project zonerunner-e6cd8
[debug] [2026-02-09T17:59:24.365Z] CLI Version:   15.5.1
[debug] [2026-02-09T17:59:24.365Z] Platform:      darwin
[debug] [2026-02-09T17:59:24.365Z] Node Version:  v24.11.1
[debug] [2026-02-09T17:59:24.365Z] Time:          Mon Feb 09 2026 11:59:24 GMT-0600 (Central Standard Time)
[debug] [2026-02-09T17:59:24.365Z] ----------------------------------------------------------------------
[debug] 
[debug] [2026-02-09T17:59:25.110Z] > command requires scopes: ["email","openid","https://www.googleapis.com/auth/cloudplatformprojects.readonly","https://www.googleapis.com/auth/firebase","https://www.googleapis.com/auth/cloud-platform"]
[debug] [2026-02-09T17:59:25.110Z] > authorizing via signed-in user (denovatommaso@gmail.com)
[debug] [2026-02-09T17:59:25.110Z] [iam] checking project zonerunner-e6cd8 for permissions ["firebase.projects.get","firebasehosting.sites.update"]
[debug] [2026-02-09T17:59:25.111Z] Checked if tokens are valid: true, expires at: 1770662185798
[debug] [2026-02-09T17:59:25.111Z] Checked if tokens are valid: true, expires at: 1770662185798
[debug] [2026-02-09T17:59:25.111Z] >>> [apiv2][query] POST https://cloudresourcemanager.googleapis.com/v1/projects/zonerunner-e6cd8:testIamPermissions [none]
[debug] [2026-02-09T17:59:25.111Z] >>> [apiv2][(partial)header] POST https://cloudresourcemanager.googleapis.com/v1/projects/zonerunner-e6cd8:testIamPermissions  x-goog-user-project=zonerunner-e6cd8
[debug] [2026-02-09T17:59:25.111Z] >>> [apiv2][body] POST https://cloudresourcemanager.googleapis.com/v1/projects/zonerunner-e6cd8:testIamPermissions {"permissions":["firebase.projects.get","firebasehosting.sites.update"]}
[debug] [2026-02-09T17:59:25.132Z] *** [apiv2] error from fetch(https://cloudresourcemanager.googleapis.com/v1/projects/zonerunner-e6cd8:testIamPermissions, {"headers":{},"method":"POST","body":"{\"permissions\":[\"firebase.projects.get\",\"firebasehosting.sites.update\"]}"}): FetchError: request to https://cloudresourcemanager.googleapis.com/v1/projects/zonerunner-e6cd8:testIamPermissions failed, reason: getaddrinfo ENOTFOUND cloudresourcemanager.googleapis.com
[debug] [2026-02-09T17:59:25.132Z] [iam] error while checking permissions, command may fail: Failed to make request to https://cloudresourcemanager.googleapis.com/v1/projects/zonerunner-e6cd8:testIamPermissions
[debug] [2026-02-09T17:59:25.132Z] Checked if tokens are valid: true, expires at: 1770662185798
[debug] [2026-02-09T17:59:25.132Z] Checked if tokens are valid: true, expires at: 1770662185798
[debug] [2026-02-09T17:59:25.132Z] >>> [apiv2][query] GET https://firebase.googleapis.com/v1beta1/projects/zonerunner-e6cd8 [none]
[debug] [2026-02-09T17:59:25.133Z] *** [apiv2] error from fetch(https://firebase.googleapis.com/v1beta1/projects/zonerunner-e6cd8, {"headers":{},"method":"GET","signal":{"reason":""}}): FetchError: request to https://firebase.googleapis.com/v1beta1/projects/zonerunner-e6cd8 failed, reason: getaddrinfo ENOTFOUND firebase.googleapis.com
[debug] [2026-02-09T17:59:25.133Z] Failed to make request to https://firebase.googleapis.com/v1beta1/projects/zonerunner-e6cd8 (original: request to https://firebase.googleapis.com/v1beta1/projects/zonerunner-e6cd8 failed, reason: getaddrinfo ENOTFOUND firebase.googleapis.com)
[error] 
[error] Error: Assertion failed: resolving hosting target of a site with no site name or target name. This should have caused an error earlier
[debug] [2026-02-09T17:59:25.411Z] Error: EPERM: operation not permitted, open '/Users/tommy/.config/configstore/firebase-tools.json.725452256'
    at Object.openSync (node:fs:560:18)
    at writeFile.writeFileSync [as sync] (/Users/tommy/.nvm/versions/node/v20.20.0/lib/node_modules/firebase-tools/node_modules/write-file-atomic/index.js:205:13)
    at set all (/Users/tommy/.nvm/versions/node/v20.20.0/lib/node_modules/firebase-tools/node_modules/configstore/index.js:61:20)
    at Configstore.delete (/Users/tommy/.nvm/versions/node/v20.20.0/lib/node_modules/firebase-tools/node_modules/configstore/index.js:101:12)
    at process.<anonymous> (/Users/tommy/.nvm/versions/node/v20.20.0/lib/node_modules/firebase-tools/lib/bin/cli.js:65:45)
    at process.emit (node:events:520:35)
    at process.exit (node:internal/process/per_thread:236:15)
    at Timeout._onTimeout (/Users/tommy/.nvm/versions/node/v20.20.0/lib/node_modules/firebase-tools/lib/errorOut.js:20:17)
    at listOnTimeout (node:internal/timers:605:17)
    at process.processTimers (node:internal/timers:541:7)
[error] 
[error] Error: An unexpected error has occurred.
